// Jest Snapshot v1, https://goo.gl/fbAQLP

exports[`StepTerraform provided a status of error renders the error message 1`] = `
<div
  className="flex1 flex flex-column justifyContent--center"
>
  <div
    className="Error--wrapper flex flex-column alignItems--center"
  >
    <div
      className="icon progress-detail-error"
    />
    <p
      className="u-fontSizer--larger u-color--tundora u-lineHeight--normal u-fontWeight--bold u-marginTop--normal u-textAlign--center"
    >
      haha
    </p>
  </div>
</div>
`;

exports[`StepTerraform provided a status of message renders step message 1`] = `
<div
  className="flex1 flex flex-column justifyContent--center"
>
  <div
    className="Error--wrapper flex flex-column alignItems--center"
  >
    <div
      className="icon progress-detail-error"
    />
    <p
      className="u-fontSizer--larger u-color--tundora u-lineHeight--normal u-fontWeight--bold u-marginTop--normal u-textAlign--center"
    >
      haha
    </p>
  </div>
</div>
`;

exports[`StepTerraform provided a status of working renders a loader 1`] = `
<div
  className="flex1 flex flex-column justifyContent--center"
>
  <div
    className="Error--wrapper flex flex-column alignItems--center"
  >
    <div
      className="icon progress-detail-error"
    />
    <p
      className="u-fontSizer--larger u-color--tundora u-lineHeight--normal u-fontWeight--bold u-marginTop--normal u-textAlign--center"
    >
      haha
    </p>
  </div>
</div>
`;
